[2m19:20:16[22m [31m[1m[vite][22m[39m [31mhttp proxy error: /admin/auth/session[39m
AggregateError [ECONNREFUSED]: 
    at internalConnectMultiple (node:net:1134:18)
    at afterConnectMultiple (node:net:1715:7)
[2m19:20:16[22m [31m[1m[vite][22m[39m [31mhttp proxy error: /admin/auth/session[39m
AggregateError [ECONNREFUSED]: 
    at internalConnectMultiple (node:net:1134:18)
    at afterConnectMultiple (node:net:1715:7)
[2m19:20:16[22m [31m[1m[vite][22m[39m [31mhttp proxy error: /admin/auth/challenge[39m
AggregateError [ECONNREFUSED]: 
    at internalConnectMultiple (node:net:1134:18)
    at afterConnectMultiple (node:net:1715:7)
[2m19:20:16[22m [31m[1m[vite][22m[39m [31mhttp proxy error: /admin/auth/challenge[39m
AggregateError [ECONNREFUSED]: 
    at internalConnectMultiple (node:net:1134:18)
    at afterConnectMultiple (node:net:1715:7)
[2m19:20:16[22m [31m[1m[vite][22m[39m [31m[2m(client)[22m[39m [2m[console.error] [22m加载控制台会话失败。 ApiError: 服务暂时不可用，请稍后重试。
    at toApiError (http://localhost:5173/src/lib/api.ts:145:9)
    at async apiRequest (http://localhost:5173/src/lib/api.ts:38:21)
    at async bootstrapSession (http://localhost:5173/src/features/auth/auth-provider.tsx:29:25)
[2m19:20:16[22m [31m[1m[vite][22m[39m [31mhttp proxy error: /admin/auth/session[39m
AggregateError [ECONNREFUSED]: 
    at internalConnectMultiple (node:net:1134:18)
    at afterConnectMultiple (node:net:1715:7)
[2m19:20:16[22m [31m[1m[vite][22m[39m [31mhttp proxy error: /admin/auth/session[39m
AggregateError [ECONNREFUSED]: 
    at internalConnectMultiple (node:net:1134:18)
    at afterConnectMultiple (node:net:1715:7)
[2m19:20:16[22m [31m[1m[vite][22m[39m [31m[2m(client)[22m[39m [2m[console.error] [22m加载控制台会话失败。 ApiError: 服务暂时不可用，请稍后重试。
    at toApiError (http://127.0.0.1:5173/src/lib/api.ts:145:9)
    at async apiRequest (http://127.0.0.1:5173/src/lib/api.ts:38:21)
    at async bootstrapSession (http://127.0.0.1:5173/src/features/auth/auth-provider.tsx:29:25)
[2m19:20:16[22m [31m[1m[vite][22m[39m [31mhttp proxy error: /admin/auth/challenge[39m
AggregateError [ECONNREFUSED]: 
    at internalConnectMultiple (node:net:1134:18)
    at afterConnectMultiple (node:net:1715:7)
[2m19:20:16[22m [31m[1m[vite][22m[39m [31mhttp proxy error: /admin/auth/challenge[39m
AggregateError [ECONNREFUSED]: 
    at internalConnectMultiple (node:net:1134:18)
    at afterConnectMultiple (node:net:1715:7)
