> Task :compileJava UP-TO-DATE
> Task :processResources UP-TO-DATE
> Task :classes UP-TO-DATE
> Task :resolveMainClassName

> Task :bootRun

  .   ____          _            __ _ _
 /\\ / ___'_ __ _ _(_)_ __  __ _ \ \ \ \
( ( )\___ | '_ | '_| | '_ \/ _` | \ \ \ \
 \\/  ___)| |_)| | | | | || (_| |  ) ) ) )
  '  |____| .__|_| |_|_| |_\__, | / / / /
 =========|_|==============|___/=/_/_/_/

 :: Spring Boot ::                (v4.0.5)

2026-05-23T19:20:17.450+08:00  INFO 25684 --- [x-ai-gateway] [           main] c.p.xaigateway.XAiGatewayApplication     : Starting XAiGatewayApplication using Java 25 with PID 25684 (D:\WorkSpace\Project\ai\x-ai-gateway\build\classes\java\main started by zzp84 in D:\WorkSpace\Project\ai\x-ai-gateway)
2026-05-23T19:20:17.452+08:00  INFO 25684 --- [x-ai-gateway] [           main] c.p.xaigateway.XAiGatewayApplication     : No active profile set, falling back to 1 default profile: "local"
2026-05-23T19:20:18.339+08:00  INFO 25684 --- [x-ai-gateway] [           main] .s.d.r.c.RepositoryConfigurationDelegate : Multiple Spring Data modules found, entering strict repository configuration mode
2026-05-23T19:20:18.339+08:00  INFO 25684 --- [x-ai-gateway] [           main] .s.d.r.c.RepositoryConfigurationDelegate : Bootstrapping Spring Data JPA repositories in DEFAULT mode.
2026-05-23T19:20:18.519+08:00  INFO 25684 --- [x-ai-gateway] [           main] .s.d.r.c.RepositoryConfigurationDelegate : Finished Spring Data repository scanning in 174 ms. Found 80 JPA repository interfaces.
2026-05-23T19:20:18.929+08:00  INFO 25684 --- [x-ai-gateway] [           main] com.zaxxer.hikari.HikariDataSource       : HikariPool-1 - Starting...
2026-05-23T19:20:19.039+08:00  INFO 25684 --- [x-ai-gateway] [           main] com.zaxxer.hikari.pool.HikariPool        : HikariPool-1 - Added connection org.postgresql.jdbc.PgConnection@362d91ef
2026-05-23T19:20:19.041+08:00  INFO 25684 --- [x-ai-gateway] [           main] com.zaxxer.hikari.HikariDataSource       : HikariPool-1 - Start completed.
2026-05-23T19:20:21.555+08:00  INFO 25684 --- [x-ai-gateway] [           main] liquibase.changelog                      : Reading from public.databasechangelog
2026-05-23T19:20:21.714+08:00  INFO 25684 --- [x-ai-gateway] [           main] liquibase.ui                             : Database is up to date, no changesets to execute
2026-05-23T19:20:21.715+08:00  INFO 25684 --- [x-ai-gateway] [           main] liquibase.changelog                      : Reading from public.databasechangelog
2026-05-23T19:20:21.723+08:00  INFO 25684 --- [x-ai-gateway] [           main] liquibase.util                           : UPDATE SUMMARY
2026-05-23T19:20:21.723+08:00  INFO 25684 --- [x-ai-gateway] [           main] liquibase.util                           : Run:                          0
2026-05-23T19:20:21.723+08:00  INFO 25684 --- [x-ai-gateway] [           main] liquibase.util                           : Previously run:               6
2026-05-23T19:20:21.723+08:00  INFO 25684 --- [x-ai-gateway] [           main] liquibase.util                           : Filtered out:                 0
2026-05-23T19:20:21.723+08:00  INFO 25684 --- [x-ai-gateway] [           main] liquibase.util                           : -------------------------------
2026-05-23T19:20:21.723+08:00  INFO 25684 --- [x-ai-gateway] [           main] liquibase.util                           : Total change sets:            6
2026-05-23T19:20:21.723+08:00  INFO 25684 --- [x-ai-gateway] [           main] liquibase.util                           : Update summary generated
2026-05-23T19:20:21.723+08:00  INFO 25684 --- [x-ai-gateway] [           main] liquibase.command                        : Command execution complete
2026-05-23T19:20:21.819+08:00  INFO 25684 --- [x-ai-gateway] [           main] org.hibernate.orm.jpa                    : HHH008540: Processing PersistenceUnitInfo [name: default]
2026-05-23T19:20:21.861+08:00  INFO 25684 --- [x-ai-gateway] [           main] org.hibernate.orm.core                   : HHH000001: Hibernate ORM core version 7.2.7.Final
2026-05-23T19:20:22.193+08:00  INFO 25684 --- [x-ai-gateway] [           main] o.s.o.j.p.SpringPersistenceUnitInfo      : No LoadTimeWeaver setup: ignoring JPA class transformer
2026-05-23T19:20:22.270+08:00  INFO 25684 --- [x-ai-gateway] [           main] org.hibernate.orm.connections.pooling    : HHH10001005: Database info:
	Database JDBC URL [jdbc:postgresql://192.168.154.143:5432/x_ai_gateway?connectionTimeZone=UTC]
	Database driver: PostgreSQL JDBC Driver
	Database dialect: PostgreSQLDialect
	Database version: 18.0
	Default catalog/schema: x_ai_gateway/public
	Autocommit mode: undefined/unknown
	Isolation level: READ_COMMITTED [default READ_COMMITTED]
	JDBC fetch size: none
	Pool: DataSourceConnectionProvider
	Minimum pool size: undefined/unknown
	Maximum pool size: undefined/unknown
2026-05-23T19:20:23.684+08:00  INFO 25684 --- [x-ai-gateway] [           main] org.hibernate.orm.core                   : HHH000489: No JTA platform available (set 'hibernate.transaction.jta.platform' to enable JTA platform integration)
2026-05-23T19:20:23.741+08:00  INFO 25684 --- [x-ai-gateway] [           main] j.LocalContainerEntityManagerFactoryBean : Initialized JPA EntityManagerFactory for persistence unit 'default'
2026-05-23T19:20:23.808+08:00  INFO 25684 --- [x-ai-gateway] [           main] o.s.d.j.r.query.QueryEnhancerFactories   : Hibernate is in classpath; If applicable, HQL parser will be used.
2026-05-23T19:20:26.185+08:00  INFO 25684 --- [x-ai-gateway] [           main] ctiveUserDetailsServiceAutoConfiguration : 

Using generated security password: 0b2ed916-8bf2-43af-930b-38344842f9ae

2026-05-23T19:20:26.459+08:00  INFO 25684 --- [x-ai-gateway] [           main] o.s.b.a.e.web.EndpointLinksResolver      : Exposing 5 endpoints beneath base path '/actuator'
2026-05-23T19:20:26.953+08:00  INFO 25684 --- [x-ai-gateway] [           main] o.s.boot.reactor.netty.NettyWebServer    : Netty started on port 8080 (http)
2026-05-23T19:20:26.962+08:00  INFO 25684 --- [x-ai-gateway] [           main] c.p.xaigateway.XAiGatewayApplication     : Started XAiGatewayApplication in 9.764 seconds (process running for 10.021)
2026-05-23T19:20:27.192+08:00  INFO 25684 --- [x-ai-gateway] [           main] .p.x.a.a.DefaultResourceBootstrapService : 默认资源引导完成：default 账号分组 id=1，TLS 指纹默认画像已校验，默认厂商 API 入口=6 个，回填协议入口凭证=0 个。
